2025-06-30 10:16:00: Database initialization skipped (simplified version)
2025-06-30 10:16:00: ✅ Database per grup diaktifkan di: ./data/group_databases
2025-06-30 10:16:00: 
2025-06-30 10:16:00: ==================================================
2025-06-30 10:16:00: 🚀 MEMULAI INISIALISASI WHATSAPP BOT...
2025-06-30 10:16:00: ⏳ MOHON TUNGGU HINGGA QR CODE MUNCUL
2025-06-30 10:16:00: ==================================================
2025-06-30 10:16:00: 📋 PERINTAH TERMINAL YANG TERSEDIA:
2025-06-30 10:16:00: - RESET: Hapus data autentikasi dan mulai ulang
2025-06-30 10:16:00: - EXIT/QUIT: Keluar dari aplikasi
2025-06-30 10:16:00: - HELP: Tampilkan bantuan
2025-06-30 10:16:00: ==================================================
2025-06-30 10:16:00: 
2025-06-30 10:16:09: 🔄 LOADING: 95% - WhatsApp
2025-06-30 10:16:10: 
2025-06-30 10:16:10: ==================================================
2025-06-30 10:16:10: 🔐 AUTENTIKASI BERHASIL! Menunggu koneksi...
2025-06-30 10:16:10: ==================================================
2025-06-30 10:16:10: 
2025-06-30 10:16:10: 🔄 LOADING: 99% - WhatsApp
2025-06-30 10:16:10: 
2025-06-30 10:16:10: ==================================================
2025-06-30 10:16:10: ✅ CLIENT SIAP! Bot WhatsApp telah terhubung dan siap digunakan!
2025-06-30 10:16:10: ✅ QR CODE BERHASIL DI-SCAN! BOT AKTIF DAN BERJALAN!
2025-06-30 10:16:10: ==================================================
2025-06-30 10:16:10: 
2025-06-30 10:16:10: Mode database per grup diaktifkan, tugas akan dimuat dari database grup
2025-06-30 10:16:10: Inisialisasi Google Drive API (simplified)
2025-06-30 10:16:10: Google Keep API (versi sederhana) diinisialisasi
2025-06-30 10:16:10: 📱 Bot WhatsApp sedang berjalan...
2025-06-30 10:16:10: 🤖 Nama Bot: Eka
2025-06-30 10:16:10: 📝 Gunakan Ctrl+C dua kali dalam 5 detik untuk keluar
2025-06-30 10:16:10: 🕒 30/6/2025, 10.16.10
2025-06-30 10:16:10: 
2025-06-30 10:16:10: 📊 Status Fitur:
2025-06-30 10:16:10: - AI: ✅ Aktif
2025-06-30 10:16:10: - Google Drive: ✅ Aktif
2025-06-30 10:16:10: - Google Keep: ✅ Aktif
2025-06-30 10:16:10: - SQLite Logging: ✅ Aktif
2025-06-30 10:16:10: 
2025-06-30 11:17:35: 
2025-06-30 11:17:35: ==================================================
2025-06-30 11:17:35: 🔄 STATUS KONEKSI BERUBAH: OPENING
2025-06-30 11:17:35: ==================================================
2025-06-30 11:17:35: 
2025-06-30 11:17:39: 
2025-06-30 11:17:39: ==================================================
2025-06-30 11:17:39: 🔄 STATUS KONEKSI BERUBAH: PAIRING
2025-06-30 11:17:39: ==================================================
2025-06-30 11:17:39: 
2025-06-30 11:17:39: 
2025-06-30 11:17:39: ==================================================
2025-06-30 11:17:39: 🔄 STATUS KONEKSI BERUBAH: CONNECTED
2025-06-30 11:17:39: ==================================================
2025-06-30 11:17:39: 
